// Jest Snapshot v1, https://goo.gl/fbAQLP

exports[`renders homepage unchanged 1`] = `
<div>
  <div>
    <main
      tw="h-screen flex flex-col items-center justify-center"
    >
      <h1
        tw="text-3xl font-bold underline text-blue-600"
      >
        Hello Fellow
      </h1>
    </main>
  </div>
</div>
`;
